This is XeTeX, Version 3.141592653-2.6-0.999997 (MiKTeX 25.12 Portable) (preloaded format=xelatex 2026.7.13)  3 AUG 2026 15:40
entering extended mode
 restricted \write18 enabled.
 %&-line parsing enabled.
**./main.tex
(main.tex
LaTeX2e <2025-11-01>
L3 programming layer <2025-12-24>
(cskkuproject.cls
Document Class: cskkuproject 2025/05/08 CS KKU Project Class

(C:\Users\narawit\scoop\apps\miktex\current\texmfs\install\tex/latex/base\repor
t.cls
Document Class: report 2025/01/22 v1.4n Standard LaTeX document class

(C:\Users\narawit\scoop\apps\miktex\current\texmfs\install\tex/latex/base\size1
2.clo
File: size12.clo 2025/01/22 v1.4n Standard LaTeX file (size option)
)
\c@part=\count271
\c@chapter=\count272
\c@section=\count273
\c@subsection=\count274
\c@subsubsection=\count275
\c@paragraph=\count276
\c@subparagraph=\count277
\c@figure=\count278
\c@table=\count279
\abovecaptionskip=\skip49
\belowcaptionskip=\skip50
\bibindent=\dimen148
)
(C:\Users\narawit\scoop\apps\miktex\current\texmfs\install\tex/latex/tools\inde
ntfirst.sty
Package: indentfirst 2023/07/02 v1.03 Indent first paragraph (DPC)
)
\firstindentlength=\skip51
\secondindentlength=\skip52
\thirdindentlength=\skip53

(C:\Users\narawit\scoop\apps\miktex\current\texmfs\install\tex/generic/iftex\if
xetex.sty
Package: ifxetex 2019/10/25 v0.7 ifxetex legacy package. Use iftex instead.

(C:\Users\narawit\scoop\apps\miktex\current\texmfs\install\tex/generic/iftex\if
tex.sty
Package: iftex 2024/12/12 v1.0g TeX engine tests
))
(C:\Users\narawit\scoop\apps\miktex\current\texmfs\install\tex/latex/geometry\g
eometry.sty
Package: geometry 2026/03/07 v6.0 Page Geometry

(C:\Users\narawit\scoop\apps\miktex\current\texmfs\install\tex/latex/graphics\k
eyval.sty
Package: keyval 2022/05/29 v1.15 key=value parser (DPC)
\KV@toks@=\toks17
)
(C:\Users\narawit\scoop\apps\miktex\current\texmfs\install\tex/generic/iftex\if
vtex.sty
Package: ifvtex 2019/10/25 v1.7 ifvtex legacy package. Use iftex instead.
)
\Gm@cnth=\count280
\Gm@cntv=\count281
\c@Gm@tempcnt=\count282
\Gm@bindingoffset=\dimen149
\Gm@wd@mp=\dimen150
\Gm@odd@mp=\dimen151
\Gm@even@mp=\dimen152
\Gm@layoutwidth=\dimen153
\Gm@layoutheight=\dimen154
\Gm@layouthoffset=\dimen155
\Gm@layoutvoffset=\dimen156
\Gm@dimlist=\toks18

(C:\Users\narawit\scoop\apps\miktex\current\texmfs\install\tex/latex/geometry\g
eometry.cfg))
(C:\Users\narawit\scoop\apps\miktex\current\texmfs\install\tex/latex/fontspec\f
ontspec.sty
(C:\Users\narawit\scoop\apps\miktex\current\texmfs\install\tex/latex/l3packages
/xparse\xparse.sty
(C:\Users\narawit\scoop\apps\miktex\current\texmfs\install\tex/latex/l3kernel\e
xpl3.sty
Package: expl3 2025-12-24 L3 programming layer (loader) 

(C:\Users\narawit\scoop\apps\miktex\current\texmfs\install\tex/latex/l3backend\
l3backend-xetex.def
File: l3backend-xetex.def 2025-10-09 L3 backend support: XeTeX
\g__graphics_track_int=\count283
\g__pdfannot_backend_int=\count284
\g__pdfannot_backend_link_int=\count285
))
Package: xparse 2025-10-09 L3 Experimental document command parser
)
Package: fontspec 2025/09/29 v2.9g Font selection for XeLaTeX and LuaLaTeX

(C:\Users\narawit\scoop\apps\miktex\current\texmfs\install\tex/latex/fontspec\f
ontspec-xetex.sty
Package: fontspec-xetex 2025/09/29 v2.9g Font selection for XeLaTeX and LuaLaTe
X
\l__fontspec_script_int=\count286
\l__fontspec_language_int=\count287
\l__fontspec_strnum_int=\count288
\l__fontspec_tmp_int=\count289
\l__fontspec_tmpa_int=\count290
\l__fontspec_tmpb_int=\count291
\l__fontspec_tmpc_int=\count292
\l__fontspec_em_int=\count293
\l__fontspec_emdef_int=\count294
\l__fontspec_strong_int=\count295
\l__fontspec_strongdef_int=\count296
\l__fontspec_tmpa_dim=\dimen157
\l__fontspec_tmpb_dim=\dimen158
\l__fontspec_tmpc_dim=\dimen159

(C:\Users\narawit\scoop\apps\miktex\current\texmfs\install\tex/latex/base\fonte
nc.sty
Package: fontenc 2025/07/18 v2.1d Standard LaTeX package
)
(C:\Users\narawit\scoop\apps\miktex\current\texmfs\install\tex/latex/fontspec\f
ontspec.cfg)))
(C:\Users\narawit\scoop\apps\miktex\current\texmfs\install\tex/latex/setspace\s
etspace.sty
Package: setspace 2022/12/04 v6.7b set line spacing
)
(C:\Users\narawit\scoop\apps\miktex\current\texmfs\install\tex/latex/graphics\g
raphicx.sty
Package: graphicx 2024/12/31 v1.2e Enhanced LaTeX Graphics (DPC,SPQR)

(C:\Users\narawit\scoop\apps\miktex\current\texmfs\install\tex/latex/graphics\g
raphics.sty
Package: graphics 2024/08/06 v1.4g Standard LaTeX Graphics (DPC,SPQR)

(C:\Users\narawit\scoop\apps\miktex\current\texmfs\install\tex/latex/graphics\t
rig.sty
Package: trig 2023/12/02 v1.11 sin cos tan (DPC)
)
(C:\Users\narawit\scoop\apps\miktex\current\texmfs\install\tex/latex/graphics-c
fg\graphics.cfg
File: graphics.cfg 2016/06/04 v1.11 sample graphics configuration
)
Package graphics Info: Driver file: xetex.def on input line 106.

(C:\Users\narawit\scoop\apps\miktex\current\texmfs\install\tex/latex/graphics-d
ef\xetex.def
File: xetex.def 2025/11/01 v5.0p Graphics/color driver for xetex
))
\Gin@req@height=\dimen160
\Gin@req@width=\dimen161
)
(C:\Users\narawit\scoop\apps\miktex\current\texmfs\install\tex/latex/tools\arra
y.sty
Package: array 2025/09/25 v2.6n Tabular extension package (FMi)
\col@sep=\dimen162
\ar@mcellbox=\box53
\extrarowheight=\dimen163
\NC@list=\toks19
\extratabsurround=\skip54
\backup@length=\skip55
\ar@cellbox=\box54
)
(C:\Users\narawit\scoop\apps\miktex\current\texmfs\install\tex/latex/booktabs\b
ooktabs.sty
Package: booktabs 2020/01/12 v1.61803398 Publication quality tables
\heavyrulewidth=\dimen164
\lightrulewidth=\dimen165
\cmidrulewidth=\dimen166
\belowrulesep=\dimen167
\belowbottomsep=\dimen168
\aboverulesep=\dimen169
\abovetopsep=\dimen170
\cmidrulesep=\dimen171
\cmidrulekern=\dimen172
\defaultaddspace=\dimen173
\@cmidla=\count297
\@cmidlb=\count298
\@aboverulesep=\dimen174
\@belowrulesep=\dimen175
\@thisruleclass=\count299
\@lastruleclass=\count300
\@thisrulewidth=\dimen176
)
(C:\Users\narawit\scoop\apps\miktex\current\texmfs\install\tex/latex/caption\ca
ption.sty
Package: caption 2023/08/05 v3.6o Customizing captions (AR)

(C:\Users\narawit\scoop\apps\miktex\current\texmfs\install\tex/latex/caption\ca
ption3.sty
Package: caption3 2023/07/31 v2.4d caption3 kernel (AR)
\caption@tempdima=\dimen177
\captionmargin=\dimen178
\caption@leftmargin=\dimen179
\caption@rightmargin=\dimen180
\caption@width=\dimen181
\caption@indent=\dimen182
\caption@parindent=\dimen183
\caption@hangindent=\dimen184
Package caption Info: Standard document class detected.
)
\c@caption@flags=\count301
\c@continuedfloat=\count302
)
(C:\Users\narawit\scoop\apps\miktex\current\texmfs\install\tex/latex/caption\su
bcaption.sty
Package: subcaption 2023/07/28 v1.6b Sub-captions (AR)
Package caption Info: New subtype `subfigure' on input line 238.
\c@subfigure=\count303
Package caption Info: New subtype `subtable' on input line 238.
\c@subtable=\count304
)
(C:\Users\narawit\scoop\apps\miktex\current\texmfs\install\tex/latex/float\floa
t.sty
Package: float 2001/11/08 v1.3d Float enhancements (AL)
\c@float@type=\count305
\float@exts=\toks20
\float@box=\box55
\@float@everytoks=\toks21
\@floatcapt=\box56
)
(C:\Users\narawit\scoop\apps\miktex\current\texmfs\install\tex/latex/fancyhdr\f
ancyhdr.sty
Package: fancyhdr 2025/02/07 v5.2 Extensive control of page headers and footers

\f@nch@headwidth=\skip56
\f@nch@offset@elh=\skip57
\f@nch@offset@erh=\skip58
\f@nch@offset@olh=\skip59
\f@nch@offset@orh=\skip60
\f@nch@offset@elf=\skip61
\f@nch@offset@erf=\skip62
\f@nch@offset@olf=\skip63
\f@nch@offset@orf=\skip64
\f@nch@height=\skip65
\f@nch@footalignment=\skip66
\f@nch@widthL=\skip67
\f@nch@widthC=\skip68
\f@nch@widthR=\skip69
\@temptokenb=\toks22
)
(C:\Users\narawit\scoop\apps\miktex\current\texmfs\install\tex/latex/titlesec\t
itlesec.sty
Package: titlesec 2025/01/04 v2.17 Sectioning titles
\ttl@box=\box57
\beforetitleunit=\skip70
\aftertitleunit=\skip71
\ttl@plus=\dimen185
\ttl@minus=\dimen186
\ttl@toksa=\toks23
\titlewidth=\dimen187
\titlewidthlast=\dimen188
\titlewidthfirst=\dimen189
)
(C:\Users\narawit\scoop\apps\miktex\current\texmfs\install\tex/latex/microtype\
microtype.sty
Package: microtype 2026/03/01 v3.2d Micro-typographical refinements (RS)

(C:\Users\narawit\scoop\apps\miktex\current\texmfs\install\tex/latex/etoolbox\e
toolbox.sty
Package: etoolbox 2025/10/02 v2.5m e-TeX tools for LaTeX (JAW)
\etb@tempcnta=\count306
)
\MT@toks=\toks24
\MT@tempbox=\box58
\MT@count=\count307
LaTeX Info: Redefining \noprotrusionifhmode on input line 1084.
LaTeX Info: Redefining \leftprotrusion on input line 1085.
\MT@prot@toks=\toks25
LaTeX Info: Redefining \rightprotrusion on input line 1104.
LaTeX Info: Redefining \textls on input line 1449.
\MT@outer@kern=\dimen190
LaTeX Info: Redefining \microtypecontext on input line 2053.
LaTeX Info: Redefining \textmicrotypecontext on input line 2070.
\MT@listname@count=\count308

(C:\Users\narawit\scoop\apps\miktex\current\texmfs\install\tex/latex/microtype\
microtype-xetex.def
File: microtype-xetex.def 2026/03/01 v3.2d Definitions specific to xetex (RS)
LaTeX Info: Redefining \lsstyle on input line 443.
LaTeX Info: Redefining \lslig on input line 451.
\MT@outer@space=\skip72
)
Package microtype Info: Loading configuration file microtype.cfg.

(C:\Users\narawit\scoop\apps\miktex\current\texmfs\install\tex/latex/microtype\
microtype.cfg
File: microtype.cfg 2026/03/01 v3.2d microtype main configuration file (RS)
)
LaTeX Info: Redefining \microtypesetup on input line 3065.
)
(C:\Users\narawit\scoop\apps\miktex\current\texmfs\install\tex/latex/xurl\xurl.
sty
Package: xurl 2022/01/09 v 0.10 modify URL breaks

(C:\Users\narawit\scoop\apps\miktex\current\texmfs\install\tex/latex/url\url.st
y
\Urlmuskip=\muskip17
Package: url 2013/09/16  ver 3.4  Verb mode for urls, etc.
))
(C:\Users\narawit\scoop\apps\miktex\current\texmfs\install\tex/latex/enumitem\e
numitem.sty
Package: enumitem 2025/02/06 v3.11 Customized lists
\labelindent=\skip73
\enit@outerparindent=\dimen191
\enit@toks=\toks26
\enit@inbox=\box59
\enit@count@id=\count309
\enitdp@description=\count310
)
(C:\Users\narawit\scoop\apps\miktex\current\texmfs\install\tex/latex/listings\l
istings.sty
\lst@mode=\count311
\lst@gtempboxa=\box60
\lst@token=\toks27
\lst@length=\count312
\lst@currlwidth=\dimen192
\lst@column=\count313
\lst@pos=\count314
\lst@lostspace=\dimen193
\lst@width=\dimen194
\lst@newlines=\count315
\lst@lineno=\count316
\lst@maxwidth=\dimen195

(C:\Users\narawit\scoop\apps\miktex\current\texmfs\install\tex/latex/listings\l
stpatch.sty
File: lstpatch.sty 2025/11/14 1.11b (Carsten Heinz)
)
(C:\Users\narawit\scoop\apps\miktex\current\texmfs\install\tex/latex/listings\l
stmisc.sty
File: lstmisc.sty 2025/11/14 1.11b (Carsten Heinz)
\c@lstnumber=\count317
\lst@skipnumbers=\count318
\lst@framebox=\box61
)
(C:\Users\narawit\scoop\apps\miktex\current\texmfs\install\tex/latex/listings\l
istings.cfg
File: listings.cfg 2025/11/14 1.11b listings configuration
))
Package: listings 2025/11/14 1.11b (Carsten Heinz)

==> First Aid for listings.sty no longer applied!
    Expected:
        2024/09/23 1.10c (Carsten Heinz)
    but found:
        2025/11/14 1.11b (Carsten Heinz)
    so I'm assuming it got fixed.

(C:\Users\narawit\scoop\apps\miktex\current\texmfs\install\tex/latex/amsmath\am
smath.sty
Package: amsmath 2025/07/09 v2.17z AMS math features
\@mathmargin=\skip74

For additional information on amsmath, use the `?' option.

(C:\Users\narawit\scoop\apps\miktex\current\texmfs\install\tex/latex/amsmath\am
stext.sty
Package: amstext 2024/11/17 v2.01 AMS text

(C:\Users\narawit\scoop\apps\miktex\current\texmfs\install\tex/latex/amsmath\am
sgen.sty
File: amsgen.sty 1999/11/30 v2.0 generic functions
\@emptytoks=\toks28
\ex@=\dimen196
))
(C:\Users\narawit\scoop\apps\miktex\current\texmfs\install\tex/latex/amsmath\am
sbsy.sty
Package: amsbsy 1999/11/29 v1.2d Bold Symbols
\pmbraise@=\dimen197
)
(C:\Users\narawit\scoop\apps\miktex\current\texmfs\install\tex/latex/amsmath\am
sopn.sty
Package: amsopn 2022/04/08 v2.04 operator names
)
\inf@bad=\count319
LaTeX Info: Redefining \frac on input line 233.
\uproot@=\count320
\leftroot@=\count321
LaTeX Info: Redefining \overline on input line 398.
LaTeX Info: Redefining \colon on input line 409.
\classnum@=\count322
\DOTSCASE@=\count323
LaTeX Info: Redefining \ldots on input line 495.
LaTeX Info: Redefining \dots on input line 498.
LaTeX Info: Redefining \cdots on input line 619.
\Mathstrutbox@=\box62
\strutbox@=\box63
LaTeX Info: Redefining \big on input line 721.
LaTeX Info: Redefining \Big on input line 722.
LaTeX Info: Redefining \bigg on input line 723.
LaTeX Info: Redefining \Bigg on input line 724.
\big@size=\dimen198
LaTeX Font Info:    Redeclaring font encoding OML on input line 742.
LaTeX Font Info:    Redeclaring font encoding OMS on input line 743.
\macc@depth=\count324
LaTeX Info: Redefining \bmod on input line 904.
LaTeX Info: Redefining \pmod on input line 909.
LaTeX Info: Redefining \smash on input line 939.
LaTeX Info: Redefining \relbar on input line 969.
LaTeX Info: Redefining \Relbar on input line 970.
\c@MaxMatrixCols=\count325
\dotsspace@=\muskip18
\c@parentequation=\count326
\dspbrk@lvl=\count327
\tag@help=\toks29
\row@=\count328
\column@=\count329
\maxfields@=\count330
\andhelp@=\toks30
\eqnshift@=\dimen199
\alignsep@=\dimen256
\tagshift@=\dimen257
\tagwidth@=\dimen258
\totwidth@=\dimen259
\lineht@=\dimen260
\@envbody=\toks31
\multlinegap=\skip75
\multlinetaggap=\skip76
\mathdisplay@stack=\toks32
LaTeX Info: Redefining \[ on input line 2950.
LaTeX Info: Redefining \] on input line 2951.
)
(C:\Users\narawit\scoop\apps\miktex\current\texmfs\install\tex/latex/amsfonts\a
mssymb.sty
Package: amssymb 2013/01/14 v3.01 AMS font symbols

(C:\Users\narawit\scoop\apps\miktex\current\texmfs\install\tex/latex/amsfonts\a
msfonts.sty
Package: amsfonts 2013/01/14 v3.01 Basic AMSFonts support
\symAMSa=\mathgroup4
\symAMSb=\mathgroup5
LaTeX Font Info:    Redeclaring math symbol \hbar on input line 98.
LaTeX Font Info:    Overwriting math alphabet `\mathfrak' in version `bold'
(Font)                  U/euf/m/n --> U/euf/b/n on input line 106.
))
(C:\Users\narawit\scoop\apps\miktex\current\texmfs\install\tex/latex/psnfss\pif
ont.sty
Package: pifont 2020/03/25 PSNFSS-v9.3 Pi font support (SPQR) 
LaTeX Font Info:    Trying to load font information for U+pzd on input line 63.


(C:\Users\narawit\scoop\apps\miktex\current\texmfs\install\tex/latex/psnfss\upz
d.fd
File: upzd.fd 2001/06/04 font definitions for U/pzd.
)
LaTeX Font Info:    Trying to load font information for U+psy on input line 64.


(C:\Users\narawit\scoop\apps\miktex\current\texmfs\install\tex/latex/psnfss\ups
y.fd
File: upsy.fd 2001/06/04 font definitions for U/psy.
))
(C:\Users\narawit\scoop\apps\miktex\current\texmfs\install\tex/latex/pgf/fronte
ndlayer\tikz.sty
(C:\Users\narawit\scoop\apps\miktex\current\texmfs\install\tex/latex/pgf/basicl
ayer\pgf.sty
(C:\Users\narawit\scoop\apps\miktex\current\texmfs\install\tex/latex/pgf/utilit
ies\pgfrcs.sty
(C:\Users\narawit\scoop\apps\miktex\current\texmfs\install\tex/generic/pgf/util
ities\pgfutil-common.tex
\pgfutil@everybye=\toks33
\pgfutil@tempdima=\dimen261
\pgfutil@tempdimb=\dimen262
)
(C:\Users\narawit\scoop\apps\miktex\current\texmfs\install\tex/generic/pgf/util
ities\pgfutil-latex.def
\pgfutil@abb=\box64
)
(C:\Users\narawit\scoop\apps\miktex\current\texmfs\install\tex/generic/pgf/util
ities\pgfrcs.code.tex
(C:\Users\narawit\scoop\apps\miktex\current\texmfs\install\tex/generic/pgf\pgf.
revision.tex)
Package: pgfrcs 2025-08-29 v3.1.11a (3.1.11a)
))
Package: pgf 2025-08-29 v3.1.11a (3.1.11a)

(C:\Users\narawit\scoop\apps\miktex\current\texmfs\install\tex/latex/pgf/basicl
ayer\pgfcore.sty
(C:\Users\narawit\scoop\apps\miktex\current\texmfs\install\tex/latex/pgf/system
layer\pgfsys.sty
(C:\Users\narawit\scoop\apps\miktex\current\texmfs\install\tex/generic/pgf/syst
emlayer\pgfsys.code.tex
Package: pgfsys 2025-08-29 v3.1.11a (3.1.11a)

(C:\Users\narawit\scoop\apps\miktex\current\texmfs\install\tex/generic/pgf/util
ities\pgfkeys.code.tex
\pgfkeys@pathtoks=\toks34
\pgfkeys@temptoks=\toks35

(C:\Users\narawit\scoop\apps\miktex\current\texmfs\install\tex/generic/pgf/util
ities\pgfkeyslibraryfiltered.code.tex
\pgfkeys@tmptoks=\toks36
))
\pgf@x=\dimen263
\pgf@y=\dimen264
\pgf@xa=\dimen265
\pgf@ya=\dimen266
\pgf@xb=\dimen267
\pgf@yb=\dimen268
\pgf@xc=\dimen269
\pgf@yc=\dimen270
\pgf@xd=\dimen271
\pgf@yd=\dimen272
\w@pgf@writea=\write3
\r@pgf@reada=\read2
\c@pgf@counta=\count331
\c@pgf@countb=\count332
\c@pgf@countc=\count333
\c@pgf@countd=\count334
\t@pgf@toka=\toks37
\t@pgf@tokb=\toks38
\t@pgf@tokc=\toks39
\pgf@sys@id@count=\count335

(C:\Users\narawit\scoop\apps\miktex\current\texmfs\install\tex/generic/pgf/syst
emlayer\pgf.cfg
File: pgf.cfg 2025-08-29 v3.1.11a (3.1.11a)
)
Driver file for pgf: pgfsys-xetex.def

(C:\Users\narawit\scoop\apps\miktex\current\texmfs\install\tex/generic/pgf/syst
emlayer\pgfsys-xetex.def
File: pgfsys-xetex.def 2025-08-29 v3.1.11a (3.1.11a)

(C:\Users\narawit\scoop\apps\miktex\current\texmfs\install\tex/generic/pgf/syst
emlayer\pgfsys-dvipdfmx.def
File: pgfsys-dvipdfmx.def 2025-08-29 v3.1.11a (3.1.11a)

(C:\Users\narawit\scoop\apps\miktex\current\texmfs\install\tex/generic/pgf/syst
emlayer\pgfsys-common-pdf.def
File: pgfsys-common-pdf.def 2025-08-29 v3.1.11a (3.1.11a)
)
\pgfsys@objnum=\count336
)))
(C:\Users\narawit\scoop\apps\miktex\current\texmfs\install\tex/generic/pgf/syst
emlayer\pgfsyssoftpath.code.tex
File: pgfsyssoftpath.code.tex 2025-08-29 v3.1.11a (3.1.11a)
\pgfsyssoftpath@smallbuffer@items=\count337
\pgfsyssoftpath@bigbuffer@items=\count338
)
(C:\Users\narawit\scoop\apps\miktex\current\texmfs\install\tex/generic/pgf/syst
emlayer\pgfsysprotocol.code.tex
File: pgfsysprotocol.code.tex 2025-08-29 v3.1.11a (3.1.11a)
))
(C:\Users\narawit\scoop\apps\miktex\current\texmfs\install\tex/latex/xcolor\xco
lor.sty
Package: xcolor 2024/09/29 v3.02 LaTeX color extensions (UK)

(C:\Users\narawit\scoop\apps\miktex\current\texmfs\install\tex/latex/graphics-c
fg\color.cfg
File: color.cfg 2016/01/02 v1.6 sample color configuration
)
Package xcolor Info: Driver file: xetex.def on input line 274.

(C:\Users\narawit\scoop\apps\miktex\current\texmfs\install\tex/latex/graphics\m
athcolor.ltx)
Package xcolor Info: Model `cmy' substituted by `cmy0' on input line 1349.
Package xcolor Info: Model `RGB' extended on input line 1365.
Package xcolor Info: Model `HTML' substituted by `rgb' on input line 1367.
Package xcolor Info: Model `Hsb' substituted by `hsb' on input line 1368.
Package xcolor Info: Model `tHsb' substituted by `hsb' on input line 1369.
Package xcolor Info: Model `HSB' substituted by `hsb' on input line 1370.
Package xcolor Info: Model `Gray' substituted by `gray' on input line 1371.
Package xcolor Info: Model `wave' substituted by `hsb' on input line 1372.
)
(C:\Users\narawit\scoop\apps\miktex\current\texmfs\install\tex/generic/pgf/basi
clayer\pgfcore.code.tex
Package: pgfcore 2025-08-29 v3.1.11a (3.1.11a)

(C:\Users\narawit\scoop\apps\miktex\current\texmfs\install\tex/generic/pgf/math
\pgfmath.code.tex
(C:\Users\narawit\scoop\apps\miktex\current\texmfs\install\tex/generic/pgf/math
\pgfmathutil.code.tex)
(C:\Users\narawit\scoop\apps\miktex\current\texmfs\install\tex/generic/pgf/math
\pgfmathparser.code.tex
\pgfmath@dimen=\dimen273
\pgfmath@count=\count339
\pgfmath@box=\box65
\pgfmath@toks=\toks40
\pgfmath@stack@operand=\toks41
\pgfmath@stack@operation=\toks42
)
(C:\Users\narawit\scoop\apps\miktex\current\texmfs\install\tex/generic/pgf/math
\pgfmathfunctions.code.tex)
(C:\Users\narawit\scoop\apps\miktex\current\texmfs\install\tex/generic/pgf/math
\pgfmathfunctions.basic.code.tex)
(C:\Users\narawit\scoop\apps\miktex\current\texmfs\install\tex/generic/pgf/math
\pgfmathfunctions.trigonometric.code.tex)
(C:\Users\narawit\scoop\apps\miktex\current\texmfs\install\tex/generic/pgf/math
\pgfmathfunctions.random.code.tex)
(C:\Users\narawit\scoop\apps\miktex\current\texmfs\install\tex/generic/pgf/math
\pgfmathfunctions.comparison.code.tex)
(C:\Users\narawit\scoop\apps\miktex\current\texmfs\install\tex/generic/pgf/math
\pgfmathfunctions.base.code.tex)
(C:\Users\narawit\scoop\apps\miktex\current\texmfs\install\tex/generic/pgf/math
\pgfmathfunctions.round.code.tex)
(C:\Users\narawit\scoop\apps\miktex\current\texmfs\install\tex/generic/pgf/math
\pgfmathfunctions.misc.code.tex)
(C:\Users\narawit\scoop\apps\miktex\current\texmfs\install\tex/generic/pgf/math
\pgfmathfunctions.integerarithmetics.code.tex)
(C:\Users\narawit\scoop\apps\miktex\current\texmfs\install\tex/generic/pgf/math
\pgfmathcalc.code.tex)
(C:\Users\narawit\scoop\apps\miktex\current\texmfs\install\tex/generic/pgf/math
\pgfmathfloat.code.tex
\c@pgfmathroundto@lastzeros=\count340
))
(C:\Users\narawit\scoop\apps\miktex\current\texmfs\install\tex/generic/pgf/math
\pgfint.code.tex)
(C:\Users\narawit\scoop\apps\miktex\current\texmfs\install\tex/generic/pgf/basi
clayer\pgfcorepoints.code.tex
File: pgfcorepoints.code.tex 2025-08-29 v3.1.11a (3.1.11a)
\pgf@picminx=\dimen274
\pgf@picmaxx=\dimen275
\pgf@picminy=\dimen276
\pgf@picmaxy=\dimen277
\pgf@pathminx=\dimen278
\pgf@pathmaxx=\dimen279
\pgf@pathminy=\dimen280
\pgf@pathmaxy=\dimen281
\pgf@xx=\dimen282
\pgf@xy=\dimen283
\pgf@yx=\dimen284
\pgf@yy=\dimen285
\pgf@zx=\dimen286
\pgf@zy=\dimen287
)
(C:\Users\narawit\scoop\apps\miktex\current\texmfs\install\tex/generic/pgf/basi
clayer\pgfcorepathconstruct.code.tex
File: pgfcorepathconstruct.code.tex 2025-08-29 v3.1.11a (3.1.11a)
\pgf@path@lastx=\dimen288
\pgf@path@lasty=\dimen289
)
(C:\Users\narawit\scoop\apps\miktex\current\texmfs\install\tex/generic/pgf/basi
clayer\pgfcorepathusage.code.tex
File: pgfcorepathusage.code.tex 2025-08-29 v3.1.11a (3.1.11a)
\pgf@shorten@end@additional=\dimen290
\pgf@shorten@start@additional=\dimen291
)
(C:\Users\narawit\scoop\apps\miktex\current\texmfs\install\tex/generic/pgf/basi
clayer\pgfcorescopes.code.tex
File: pgfcorescopes.code.tex 2025-08-29 v3.1.11a (3.1.11a)
\pgfpic=\box66
\pgf@hbox=\box67
\pgf@layerbox@main=\box68
\pgf@picture@serial@count=\count341
)
(C:\Users\narawit\scoop\apps\miktex\current\texmfs\install\tex/generic/pgf/basi
clayer\pgfcoregraphicstate.code.tex
File: pgfcoregraphicstate.code.tex 2025-08-29 v3.1.11a (3.1.11a)
\pgflinewidth=\dimen292
)
(C:\Users\narawit\scoop\apps\miktex\current\texmfs\install\tex/generic/pgf/basi
clayer\pgfcoretransformations.code.tex
File: pgfcoretransformations.code.tex 2025-08-29 v3.1.11a (3.1.11a)
\pgf@pt@x=\dimen293
\pgf@pt@y=\dimen294
\pgf@pt@temp=\dimen295
)
(C:\Users\narawit\scoop\apps\miktex\current\texmfs\install\tex/generic/pgf/basi
clayer\pgfcorequick.code.tex
File: pgfcorequick.code.tex 2025-08-29 v3.1.11a (3.1.11a)
)
(C:\Users\narawit\scoop\apps\miktex\current\texmfs\install\tex/generic/pgf/basi
clayer\pgfcoreobjects.code.tex
File: pgfcoreobjects.code.tex 2025-08-29 v3.1.11a (3.1.11a)
)
(C:\Users\narawit\scoop\apps\miktex\current\texmfs\install\tex/generic/pgf/basi
clayer\pgfcorepathprocessing.code.tex
File: pgfcorepathprocessing.code.tex 2025-08-29 v3.1.11a (3.1.11a)
)
(C:\Users\narawit\scoop\apps\miktex\current\texmfs\install\tex/generic/pgf/basi
clayer\pgfcorearrows.code.tex
File: pgfcorearrows.code.tex 2025-08-29 v3.1.11a (3.1.11a)
\pgfarrowsep=\dimen296
)
(C:\Users\narawit\scoop\apps\miktex\current\texmfs\install\tex/generic/pgf/basi
clayer\pgfcoreshade.code.tex
File: pgfcoreshade.code.tex 2025-08-29 v3.1.11a (3.1.11a)
\pgf@max=\dimen297
\pgf@sys@shading@range@num=\count342
\pgf@shadingcount=\count343
)
(C:\Users\narawit\scoop\apps\miktex\current\texmfs\install\tex/generic/pgf/basi
clayer\pgfcoreimage.code.tex
File: pgfcoreimage.code.tex 2025-08-29 v3.1.11a (3.1.11a)
)
(C:\Users\narawit\scoop\apps\miktex\current\texmfs\install\tex/generic/pgf/basi
clayer\pgfcoreexternal.code.tex
File: pgfcoreexternal.code.tex 2025-08-29 v3.1.11a (3.1.11a)
\pgfexternal@startupbox=\box69
)
(C:\Users\narawit\scoop\apps\miktex\current\texmfs\install\tex/generic/pgf/basi
clayer\pgfcorelayers.code.tex
File: pgfcorelayers.code.tex 2025-08-29 v3.1.11a (3.1.11a)
)
(C:\Users\narawit\scoop\apps\miktex\current\texmfs\install\tex/generic/pgf/basi
clayer\pgfcoretransparency.code.tex
File: pgfcoretransparency.code.tex 2025-08-29 v3.1.11a (3.1.11a)
)
(C:\Users\narawit\scoop\apps\miktex\current\texmfs\install\tex/generic/pgf/basi
clayer\pgfcorepatterns.code.tex
File: pgfcorepatterns.code.tex 2025-08-29 v3.1.11a (3.1.11a)
)
(C:\Users\narawit\scoop\apps\miktex\current\texmfs\install\tex/generic/pgf/basi
clayer\pgfcorerdf.code.tex
File: pgfcorerdf.code.tex 2025-08-29 v3.1.11a (3.1.11a)
)))
(C:\Users\narawit\scoop\apps\miktex\current\texmfs\install\tex/generic/pgf/modu
les\pgfmoduleshapes.code.tex
File: pgfmoduleshapes.code.tex 2025-08-29 v3.1.11a (3.1.11a)
\pgfnodeparttextbox=\box70
)
(C:\Users\narawit\scoop\apps\miktex\current\texmfs\install\tex/generic/pgf/modu
les\pgfmoduleplot.code.tex
File: pgfmoduleplot.code.tex 2025-08-29 v3.1.11a (3.1.11a)
)
(C:\Users\narawit\scoop\apps\miktex\current\texmfs\install\tex/latex/pgf/compat
ibility\pgfcomp-version-0-65.sty
Package: pgfcomp-version-0-65 2025-08-29 v3.1.11a (3.1.11a)
\pgf@nodesepstart=\dimen298
\pgf@nodesepend=\dimen299
)
(C:\Users\narawit\scoop\apps\miktex\current\texmfs\install\tex/latex/pgf/compat
ibility\pgfcomp-version-1-18.sty
Package: pgfcomp-version-1-18 2025-08-29 v3.1.11a (3.1.11a)
))
(C:\Users\narawit\scoop\apps\miktex\current\texmfs\install\tex/latex/pgf/utilit
ies\pgffor.sty
(C:\Users\narawit\scoop\apps\miktex\current\texmfs\install\tex/latex/pgf/utilit
ies\pgfkeys.sty
(C:\Users\narawit\scoop\apps\miktex\current\texmfs\install\tex/generic/pgf/util
ities\pgfkeys.code.tex))
(C:\Users\narawit\scoop\apps\miktex\current\texmfs\install\tex/latex/pgf/math\p
gfmath.sty
(C:\Users\narawit\scoop\apps\miktex\current\texmfs\install\tex/generic/pgf/math
\pgfmath.code.tex))
(C:\Users\narawit\scoop\apps\miktex\current\texmfs\install\tex/generic/pgf/util
ities\pgffor.code.tex
Package: pgffor 2025-08-29 v3.1.11a (3.1.11a)
\pgffor@iter=\dimen300
\pgffor@skip=\dimen301
\pgffor@stack=\toks43
\pgffor@toks=\toks44
))
(C:\Users\narawit\scoop\apps\miktex\current\texmfs\install\tex/generic/pgf/fron
tendlayer/tikz\tikz.code.tex
Package: tikz 2025-08-29 v3.1.11a (3.1.11a)

(C:\Users\narawit\scoop\apps\miktex\current\texmfs\install\tex/generic/pgf/libr
aries\pgflibraryplothandlers.code.tex
File: pgflibraryplothandlers.code.tex 2025-08-29 v3.1.11a (3.1.11a)
\pgf@plot@mark@count=\count344
\pgfplotmarksize=\dimen302
)
\tikz@lastx=\dimen303
\tikz@lasty=\dimen304
\tikz@lastxsaved=\dimen305
\tikz@lastysaved=\dimen306
\tikz@lastmovetox=\dimen307
\tikz@lastmovetoy=\dimen308
\tikzleveldistance=\dimen309
\tikzsiblingdistance=\dimen310
\tikz@figbox=\box71
\tikz@figbox@bg=\box72
\tikz@tempbox=\box73
\tikz@tempbox@bg=\box74
\tikztreelevel=\count345
\tikznumberofchildren=\count346
\tikznumberofcurrentchild=\count347
\tikz@fig@count=\count348

(C:\Users\narawit\scoop\apps\miktex\current\texmfs\install\tex/generic/pgf/modu
les\pgfmodulematrix.code.tex
File: pgfmodulematrix.code.tex 2025-08-29 v3.1.11a (3.1.11a)
\pgfmatrixcurrentrow=\count349
\pgfmatrixcurrentcolumn=\count350
\pgf@matrix@numberofcolumns=\count351
)
\tikz@expandcount=\count352

(C:\Users\narawit\scoop\apps\miktex\current\texmfs\install\tex/generic/pgf/fron
tendlayer/tikz/libraries\tikzlibrarytopaths.code.tex
File: tikzlibrarytopaths.code.tex 2025-08-29 v3.1.11a (3.1.11a)
)))
(C:\Users\narawit\scoop\apps\miktex\current\texmfs\install\tex/generic/pgf/fron
tendlayer/tikz/libraries\tikzlibraryshapes.geometric.code.tex
File: tikzlibraryshapes.geometric.code.tex 2025-08-29 v3.1.11a (3.1.11a)

(C:\Users\narawit\scoop\apps\miktex\current\texmfs\install\tex/generic/pgf/libr
aries/shapes\pgflibraryshapes.geometric.code.tex
File: pgflibraryshapes.geometric.code.tex 2025-08-29 v3.1.11a (3.1.11a)
))
(C:\Users\narawit\scoop\apps\miktex\current\texmfs\install\tex/generic/pgf/libr
aries\pgflibraryarrows.meta.code.tex
File: pgflibraryarrows.meta.code.tex 2025-08-29 v3.1.11a (3.1.11a)
\pgfarrowinset=\dimen311
\pgfarrowlength=\dimen312
\pgfarrowwidth=\dimen313
\pgfarrowlinewidth=\dimen314
)
(C:\Users\narawit\scoop\apps\miktex\current\texmfs\install\tex/generic/pgf/fron
tendlayer/tikz/libraries\tikzlibrarypositioning.code.tex
File: tikzlibrarypositioning.code.tex 2025-08-29 v3.1.11a (3.1.11a)
)
(C:\Users\narawit\scoop\apps\miktex\current\texmfs\install\tex/generic/pgf/fron
tendlayer/tikz/libraries\tikzlibraryfit.code.tex
File: tikzlibraryfit.code.tex 2025-08-29 v3.1.11a (3.1.11a)
)
(C:\Users\narawit\scoop\apps\miktex\current\texmfs\install\tex/generic/pgf/fron
tendlayer/tikz/libraries\tikzlibrarybackgrounds.code.tex
File: tikzlibrarybackgrounds.code.tex 2025-08-29 v3.1.11a (3.1.11a)
\pgf@layerbox@background=\box75
\pgf@layerboxsaved@background=\box76
)
(C:\Users\narawit\scoop\apps\miktex\current\texmfs\install\tex/generic/pgf/fron
tendlayer/tikz/libraries\tikzlibrarycalc.code.tex
File: tikzlibrarycalc.code.tex 2025-08-29 v3.1.11a (3.1.11a)
) (mermaid.sty
Package: mermaid 2026/04/20 v1.0a Mermaid via Mermaid CLI / PDF

(C:\Users\narawit\scoop\apps\miktex\current\texmfs\install\tex/latex/tools\shel
lesc.sty
Package: shellesc 2023/07/08 v1.0d unified shell escape interface for LaTeX
Package shellesc Info: Restricted shell escape enabled on input line 77.
)
(C:\Users\narawit\scoop\apps\miktex\current\texmfs\install\tex/latex/adjustbox\
adjustbox.sty
Package: adjustbox 2025/02/26 v1.3c Adjusting TeX boxes (trim, clip, ...)

(C:\Users\narawit\scoop\apps\miktex\current\texmfs\install\tex/latex/xkeyval\xk
eyval.sty
Package: xkeyval 2022/06/16 v2.9 package option processing (HA)

(C:\Users\narawit\scoop\apps\miktex\current\texmfs\install\tex/generic/xkeyval\
xkeyval.tex
(C:\Users\narawit\scoop\apps\miktex\current\texmfs\install\tex/generic/xkeyval\
xkvutils.tex
\XKV@toks=\toks45
\XKV@tempa@toks=\toks46
)
\XKV@depth=\count353
File: xkeyval.tex 2014/12/03 v2.7a key=value parser (HA)
))
(C:\Users\narawit\scoop\apps\miktex\current\texmfs\install\tex/latex/adjustbox\
adjcalc.sty
Package: adjcalc 2012/05/16 v1.1 Provides advanced setlength with multiple back
-ends (calc, etex, pgfmath)
)
(C:\Users\narawit\scoop\apps\miktex\current\texmfs\install\tex/latex/adjustbox\
trimclip.sty
Package: trimclip 2025/02/21 v1.2a Trim and clip general TeX material

(C:\Users\narawit\scoop\apps\miktex\current\texmfs\install\tex/latex/collectbox
\collectbox.sty
Package: collectbox 2022/10/17 v0.4c Collect macro arguments as boxes
\collectedbox=\box77
)
\tc@llx=\dimen315
\tc@lly=\dimen316
\tc@urx=\dimen317
\tc@ury=\dimen318
Package trimclip Info: Using driver 'tc-xetex.def'.

(C:\Users\narawit\scoop\apps\miktex\current\texmfs\install\tex/latex/adjustbox\
tc-xetex.def
File: tc-xetex.def 2019/01/04 v2.2 Clipping driver for xetex
))
\adjbox@Width=\dimen319
\adjbox@Height=\dimen320
\adjbox@Depth=\dimen321
\adjbox@Totalheight=\dimen322
\adjbox@pwidth=\dimen323
\adjbox@pheight=\dimen324
\adjbox@pdepth=\dimen325
\adjbox@ptotalheight=\dimen326

(C:\Users\narawit\scoop\apps\miktex\current\texmfs\install\tex/latex/ifoddpage\
ifoddpage.sty
Package: ifoddpage 2022/10/18 v1.2 Conditionals for odd/even page detection
\c@checkoddpage=\count354
)
(C:\Users\narawit\scoop\apps\miktex\current\texmfs\install\tex/latex/varwidth\v
arwidth.sty
Package: varwidth 2009/03/30 ver 0.92;  Variable-width minipages
\@vwid@box=\box78
\sift@deathcycles=\count355
\@vwid@loff=\dimen327
\@vwid@roff=\dimen328
)
==> First Aid for varwidth.sty applied!
)
(C:\Users\narawit\scoop\apps\miktex\current\texmfs\install\tex/latex/fancyvrb\f
ancyvrb.sty
Package: fancyvrb 2026/04/16 4.6a verbatim text (tvz,hv)
\FV@CodeLineNo=\count356
\FV@InFile=\read3
\FV@TabBox=\box79
\c@FancyVerbLine=\count357
\FV@StepNumber=\count358
\FV@OutFile=\write4
)
(C:\Users\narawit\scoop\apps\miktex\current\texmfs\install\tex/latex/kvoptions\
kvoptions.sty
Package: kvoptions 2022-06-15 v3.15 Key value format for package options (HO)

(C:\Users\narawit\scoop\apps\miktex\current\texmfs\install\tex/generic/ltxcmds\
ltxcmds.sty
Package: ltxcmds 2023-12-04 v1.26 LaTeX kernel commands for general use (HO)
)
(C:\Users\narawit\scoop\apps\miktex\current\texmfs\install\tex/latex/kvsetkeys\
kvsetkeys.sty
Package: kvsetkeys 2022-10-05 v1.19 Key value parser (HO)
))
\mermaid@login=\read4
\c@mermaid@diag=\count359
)
(C:\Users\narawit\scoop\apps\miktex\current\texmfs\install\tex/latex/hyperref\h
yperref.sty
Package: hyperref 2025-07-12 v7.01o Hypertext links for LaTeX

(C:\Users\narawit\scoop\apps\miktex\current\texmfs\install\tex/generic/kvdefine
keys\kvdefinekeys.sty
Package: kvdefinekeys 2019-12-19 v1.6 Define keys (HO)
)
(C:\Users\narawit\scoop\apps\miktex\current\texmfs\install\tex/generic/pdfescap
e\pdfescape.sty
Package: pdfescape 2019/12/09 v1.15 Implements pdfTeX's escape features (HO)

(C:\Users\narawit\scoop\apps\miktex\current\texmfs\install\tex/generic/pdftexcm
ds\pdftexcmds.sty
Package: pdftexcmds 2020-06-27 v0.33 Utility functions of pdfTeX for LuaTeX (HO
)

(C:\Users\narawit\scoop\apps\miktex\current\texmfs\install\tex/generic/infwarer
r\infwarerr.sty
Package: infwarerr 2019/12/03 v1.5 Providing info/warning/error messages (HO)
)
Package pdftexcmds Info: \pdf@primitive is available.
Package pdftexcmds Info: \pdf@ifprimitive is available.
Package pdftexcmds Info: \pdfdraftmode not found.
))
(C:\Users\narawit\scoop\apps\miktex\current\texmfs\install\tex/latex/hycolor\hy
color.sty
Package: hycolor 2020-01-27 v1.10 Color options for hyperref/bookmark (HO)
)
(C:\Users\narawit\scoop\apps\miktex\current\texmfs\install\tex/latex/hyperref\n
ameref.sty
Package: nameref 2025-06-21 v2.57 Cross-referencing by name of section

(C:\Users\narawit\scoop\apps\miktex\current\texmfs\install\tex/latex/refcount\r
efcount.sty
Package: refcount 2019/12/15 v3.6 Data extraction from label references (HO)
)
(C:\Users\narawit\scoop\apps\miktex\current\texmfs\install\tex/generic/gettitle
string\gettitlestring.sty
Package: gettitlestring 2019/12/15 v1.6 Cleanup title references (HO)
)
\c@section@level=\count360
)
(C:\Users\narawit\scoop\apps\miktex\current\texmfs\install\tex/generic/stringen
c\stringenc.sty
Package: stringenc 2019/11/29 v1.12 Convert strings between diff. encodings (HO
)
)
\@linkdim=\dimen329
\Hy@linkcounter=\count361
\Hy@pagecounter=\count362

(C:\Users\narawit\scoop\apps\miktex\current\texmfs\install\tex/latex/hyperref\p
d1enc.def
File: pd1enc.def 2025-07-12 v7.01o Hyperref: PDFDocEncoding definition (HO)
)
(C:\Users\narawit\scoop\apps\miktex\current\texmfs\install\tex/generic/intcalc\
intcalc.sty
Package: intcalc 2019/12/15 v1.3 Expandable calculations with integers (HO)
)
\Hy@SavedSpaceFactor=\count363

(C:\Users\narawit\scoop\apps\miktex\current\texmfs\install\tex/latex/hyperref\p
uenc.def
File: puenc.def 2025-07-12 v7.01o Hyperref: PDF Unicode definition (HO)
)
Package hyperref Info: Option `colorlinks' set `true' on input line 4066.
Package hyperref Info: Option `pageanchor' set `false' on input line 4066.
Package hyperref Info: Hyper figures OFF on input line 4195.
Package hyperref Info: Link nesting OFF on input line 4200.
Package hyperref Info: Hyper index ON on input line 4203.
Package hyperref Info: Plain pages OFF on input line 4210.
Package hyperref Info: Backreferencing OFF on input line 4215.
Package hyperref Info: Implicit mode ON; LaTeX internals redefined.
Package hyperref Info: Bookmarks ON on input line 4462.
\c@Hy@tempcnt=\count364
LaTeX Info: Redefining \url on input line 4801.
\XeTeXLinkMargin=\dimen330

(C:\Users\narawit\scoop\apps\miktex\current\texmfs\install\tex/generic/bitset\b
itset.sty
Package: bitset 2019/12/09 v1.3 Handle bit-vector datatype (HO)

(C:\Users\narawit\scoop\apps\miktex\current\texmfs\install\tex/generic/bigintca
lc\bigintcalc.sty
Package: bigintcalc 2019/12/15 v1.5 Expandable calculations on big integers (HO
)
))
\Fld@menulength=\count365
\Field@Width=\dimen331
\Fld@charsize=\dimen332
Package hyperref Info: Hyper figures OFF on input line 6078.
Package hyperref Info: Link nesting OFF on input line 6083.
Package hyperref Info: Hyper index ON on input line 6086.
Package hyperref Info: backreferencing OFF on input line 6093.
Package hyperref Info: Link coloring ON on input line 6096.
Package hyperref Info: Link coloring with OCG OFF on input line 6103.
Package hyperref Info: PDF/A mode OFF on input line 6108.
\Hy@abspage=\count366
\c@Item=\count367
\c@Hfootnote=\count368
)
Package hyperref Info: Driver (autodetected): hxetex.

(C:\Users\narawit\scoop\apps\miktex\current\texmfs\install\tex/latex/hyperref\h
xetex.def
File: hxetex.def 2025-07-12 v7.01o Hyperref driver for XeTeX
\pdfm@box=\box80
\c@Hy@AnnotLevel=\count369
\HyField@AnnotCount=\count370
\Fld@listcount=\count371
\c@bookmark@seq@number=\count372

(C:\Users\narawit\scoop\apps\miktex\current\texmfs\install\tex/latex/rerunfilec
heck\rerunfilecheck.sty
Package: rerunfilecheck 2025-06-21 v1.11 Rerun checks for auxiliary files (HO)

(C:\Users\narawit\scoop\apps\miktex\current\texmfs\install\tex/generic/uniqueco
unter\uniquecounter.sty
Package: uniquecounter 2019/12/15 v1.4 Provide unlimited unique counter (HO)
)
Package uniquecounter Info: New unique counter `rerunfilecheck' on input line 2
84.
)
\Hy@SectionHShift=\skip77
)
(C:\Users\narawit\scoop\apps\miktex\current\texmfs\install\tex/latex/tools\long
table.sty
Package: longtable 2025-10-13 v4.24 Multi-page Table package (DPC)
\LTleft=\skip78
\LTright=\skip79
\LTpre=\skip80
\LTpost=\skip81
\LTchunksize=\count373
\LTcapwidth=\dimen333
\LT@head=\box81
\LT@firsthead=\box82
\LT@foot=\box83
\LT@lastfoot=\box84
\LT@gbox=\box85
\LT@cols=\count374
\LT@rows=\count375
\c@LT@tables=\count376
\c@LT@chunks=\count377
\LT@p@ftn=\toks47
)

Package fontspec Info: 
(fontspec)             Sarabun-Regular scale = 1.4.


Package fontspec Info: 
(fontspec)             Sarabun-Regular scale = 1.4.


Package fontspec Info: 
(fontspec)             Sarabun-Bold scale = 1.4.


Package fontspec Info: 
(fontspec)             Sarabun-Italic scale = 1.4.


Package fontspec Info: 
(fontspec)             Sarabun-BoldItalic scale = 1.4.


Package fontspec Info: 
(fontspec)             Font family 'Sarabun(0)' created for font 'Sarabun'
(fontspec)             with options [Ligatures=TeX,Path =
(fontspec)             ./theme/fonts/,Extension = .ttf,UprightFont =
(fontspec)             *-Regular,BoldFont = *-Bold,ItalicFont =
(fontspec)             *-Italic,BoldItalicFont = *-BoldItalic,Scale = 1.4].
(fontspec)              
(fontspec)              This font family consists of the following NFSS
(fontspec)             series/shapes:
(fontspec)              
(fontspec)             - 'normal' (m/n) with NFSS spec.:
(fontspec)             <->s*[1.4]"[./theme/fonts/Sarabun-Regular.ttf]/OT:script
=latn;language=dflt;mapping=tex-text;"
(fontspec)             - 'bold' (b/n) with NFSS spec.:
(fontspec)             <->s*[1.4]"[./theme/fonts/Sarabun-Bold.ttf]/OT:script=la
tn;language=dflt;mapping=tex-text;"
(fontspec)             - 'italic' (m/it) with NFSS spec.:
(fontspec)             <->s*[1.4]"[./theme/fonts/Sarabun-Italic.ttf]/OT:script=
latn;language=dflt;mapping=tex-text;"
(fontspec)             - 'bold italic' (b/it) with NFSS spec.:
(fontspec)             <->s*[1.4]"[./theme/fonts/Sarabun-BoldItalic.ttf]/OT:scr
ipt=latn;language=dflt;mapping=tex-text;"

LaTeX Font Info:    Font shape `TU/Sarabun(0)/m/n' will be
(Font)              scaled to size 16.79993pt on input line 251.

Package fontspec Info: 
(fontspec)             Sarabun-Regular scale = 1.4.


Package fontspec Info: 
(fontspec)             DroidSansMono scale = 1.0.


Package fontspec Info: 
(fontspec)             DroidSansMono scale = 1.0.


Package fontspec Info: 
(fontspec)             DroidSansMono scale = 1.0.


Package fontspec Info: 
(fontspec)             DroidSansMono scale = 1.0.


Package fontspec Info: 
(fontspec)             DroidSansMono scale = 1.0.


Package fontspec Info: 
(fontspec)             Font family 'DroidSansMono(0)' created for font
(fontspec)             'DroidSansMono' with options
(fontspec)             [WordSpace={1,0,0},HyphenChar=None,PunctuationSpace=Word
Space,Path
(fontspec)             = ./theme/fonts/,Extension = .ttf,UprightFont =
(fontspec)             *,BoldFont = *,ItalicFont = *,BoldItalicFont = *,Scale
(fontspec)             = 1.0].
(fontspec)              
(fontspec)              This font family consists of the following NFSS
(fontspec)             series/shapes:
(fontspec)              
(fontspec)             - 'normal' (m/n) with NFSS spec.:
(fontspec)             <->s*[1.0]"[./theme/fonts/DroidSansMono.ttf]/OT:script=D
FLT;language=dflt;"
(fontspec)             - 'bold' (b/n) with NFSS spec.:
(fontspec)             <->s*[1.0]"[./theme/fonts/DroidSansMono.ttf]/OT:script=D
FLT;language=dflt;"
(fontspec)             - 'italic' (m/it) with NFSS spec.:
(fontspec)             <->s*[1.0]"[./theme/fonts/DroidSansMono.ttf]/OT:script=D
FLT;language=dflt;"
(fontspec)             - 'bold italic' (b/it) with NFSS spec.:
(fontspec)             <->s*[1.0]"[./theme/fonts/DroidSansMono.ttf]/OT:script=D
FLT;language=dflt;"

) (main.aux)
\openout1 = `main.aux'.

LaTeX Font Info:    Checking defaults for OML/cmm/m/it on input line 50.
LaTeX Font Info:    ... okay on input line 50.
LaTeX Font Info:    Checking defaults for OMS/cmsy/m/n on input line 50.
LaTeX Font Info:    ... okay on input line 50.
LaTeX Font Info:    Checking defaults for OT1/cmr/m/n on input line 50.
LaTeX Font Info:    ... okay on input line 50.
LaTeX Font Info:    Checking defaults for T1/cmr/m/n on input line 50.
LaTeX Font Info:    ... okay on input line 50.
LaTeX Font Info:    Checking defaults for TS1/cmr/m/n on input line 50.
LaTeX Font Info:    ... okay on input line 50.
LaTeX Font Info:    Checking defaults for TU/lmr/m/n on input line 50.
LaTeX Font Info:    ... okay on input line 50.
LaTeX Font Info:    Checking defaults for OMX/cmex/m/n on input line 50.
LaTeX Font Info:    ... okay on input line 50.
LaTeX Font Info:    Checking defaults for U/cmr/m/n on input line 50.
LaTeX Font Info:    ... okay on input line 50.
LaTeX Font Info:    Checking defaults for PD1/pdf/m/n on input line 50.
LaTeX Font Info:    ... okay on input line 50.
LaTeX Font Info:    Checking defaults for PU/pdf/m/n on input line 50.
LaTeX Font Info:    ... okay on input line 50.

*geometry* driver: auto-detecting
*geometry* detected driver: xetex
*geometry* verbose mode - [ preamble ] result:
* driver: xetex
* paper: a4paper
* layout: <same size as paper>
* layoutoffset:(h,v)=(0.0pt,0.0pt)
* modes: 
* h-part:(L,W,R)=(108.405pt, 416.83289pt, 72.26999pt)
* v-part:(T,H,B)=(108.405pt, 664.37186pt, 72.26999pt)
* \paperwidth=597.50787pt
* \paperheight=845.04684pt
* \textwidth=416.83289pt
* \textheight=664.37186pt
* \oddsidemargin=36.13501pt
* \evensidemargin=36.13501pt
* \topmargin=-3.86499pt
* \headheight=15.0pt
* \headsep=25.0pt
* \topskip=12.0pt
* \footskip=30.0pt
* \marginparwidth=44.0pt
* \marginparsep=10.0pt
* \columnsep=10.0pt
* \skip\footins=10.8pt plus 4.0pt minus 2.0pt
* \hoffset=0.0pt
* \voffset=0.0pt
* \mag=1000
* \@twocolumnfalse
* \@twosidefalse
* \@mparswitchfalse
* \@reversemarginfalse
* (1in=72.27pt=25.4mm, 1cm=28.453pt)


Package fontspec Info: 
(fontspec)             Adjusting the maths setup (use [no-math] to avoid
(fontspec)             this).

\symlegacymaths=\mathgroup6
LaTeX Font Info:    Overwriting symbol font `legacymaths' in version `bold'
(Font)                  OT1/cmr/m/n --> OT1/cmr/bx/n on input line 50.
LaTeX Font Info:    Redeclaring math accent \acute on input line 50.
LaTeX Font Info:    Redeclaring math accent \grave on input line 50.
LaTeX Font Info:    Redeclaring math accent \ddot on input line 50.
LaTeX Font Info:    Redeclaring math accent \tilde on input line 50.
LaTeX Font Info:    Redeclaring math accent \bar on input line 50.
LaTeX Font Info:    Redeclaring math accent \breve on input line 50.
LaTeX Font Info:    Redeclaring math accent \check on input line 50.
LaTeX Font Info:    Redeclaring math accent \hat on input line 50.
LaTeX Font Info:    Redeclaring math accent \dot on input line 50.
LaTeX Font Info:    Redeclaring math accent \mathring on input line 50.
LaTeX Font Info:    Redeclaring math symbol \Gamma on input line 50.
LaTeX Font Info:    Redeclaring math symbol \Delta on input line 50.
LaTeX Font Info:    Redeclaring math symbol \Theta on input line 50.
LaTeX Font Info:    Redeclaring math symbol \Lambda on input line 50.
LaTeX Font Info:    Redeclaring math symbol \Xi on input line 50.
LaTeX Font Info:    Redeclaring math symbol \Pi on input line 50.
LaTeX Font Info:    Redeclaring math symbol \Sigma on input line 50.
LaTeX Font Info:    Redeclaring math symbol \Upsilon on input line 50.
LaTeX Font Info:    Redeclaring math symbol \Phi on input line 50.
LaTeX Font Info:    Redeclaring math symbol \Psi on input line 50.
LaTeX Font Info:    Redeclaring math symbol \Omega on input line 50.
LaTeX Font Info:    Redeclaring math symbol \mathdollar on input line 50.
LaTeX Font Info:    Redeclaring symbol font `operators' on input line 50.
LaTeX Font Info:    Encoding `OT1' has changed to `TU' for symbol font
(Font)              `operators' in the math version `normal' on input line 50.
LaTeX Font Info:    Overwriting symbol font `operators' in version `normal'
(Font)                  OT1/cmr/m/n --> TU/Sarabun(0)/m/n on input line 50.
LaTeX Font Info:    Encoding `OT1' has changed to `TU' for symbol font
(Font)              `operators' in the math version `bold' on input line 50.
LaTeX Font Info:    Overwriting symbol font `operators' in version `bold'
(Font)                  OT1/cmr/bx/n --> TU/Sarabun(0)/m/n on input line 50.
LaTeX Font Info:    Overwriting symbol font `operators' in version `normal'
(Font)                  TU/Sarabun(0)/m/n --> TU/Sarabun(0)/m/n on input line 5
0.
LaTeX Font Info:    Overwriting math alphabet `\mathit' in version `normal'
(Font)                  OT1/cmr/m/it --> TU/Sarabun(0)/m/it on input line 50.
LaTeX Font Info:    Overwriting math alphabet `\mathbf' in version `normal'
(Font)                  OT1/cmr/bx/n --> TU/Sarabun(0)/b/n on input line 50.
LaTeX Font Info:    Overwriting math alphabet `\mathsf' in version `normal'
(Font)                  OT1/cmss/m/n --> TU/Sarabun(0)/m/n on input line 50.
LaTeX Font Info:    Overwriting math alphabet `\mathtt' in version `normal'
(Font)                  OT1/cmtt/m/n --> TU/DroidSansMono(0)/m/n on input line 
50.
LaTeX Font Info:    Overwriting symbol font `operators' in version `bold'
(Font)                  TU/Sarabun(0)/m/n --> TU/Sarabun(0)/b/n on input line 5
0.
LaTeX Font Info:    Overwriting math alphabet `\mathit' in version `bold'
(Font)                  OT1/cmr/bx/it --> TU/Sarabun(0)/b/it on input line 50.
LaTeX Font Info:    Overwriting math alphabet `\mathsf' in version `bold'
(Font)                  OT1/cmss/bx/n --> TU/Sarabun(0)/b/n on input line 50.
LaTeX Font Info:    Overwriting math alphabet `\mathtt' in version `bold'
(Font)                  OT1/cmtt/m/n --> TU/DroidSansMono(0)/b/n on input line 
50.
Package caption Info: Begin \AtBeginDocument code.
Package caption Info: float package is loaded.
Package caption Info: hyperref package is loaded.
Package caption Info: listings package is loaded.
Package caption Info: longtable package is loaded.

(C:\Users\narawit\scoop\apps\miktex\current\texmfs\install\tex/latex/caption\lt
caption.sty
Package: ltcaption 2021/01/08 v1.4c longtable captions (AR)
)
Package caption Info: End \AtBeginDocument code.
Package microtype Info: Patching varwidth to enable character protrusion.
\MT@vwid@leftmargin=\dimen334
\MT@vwid@rightmargin=\dimen335
LaTeX Info: Redefining \microtypecontext on input line 50.
Package microtype Info: Applying patch `item' on input line 50.
Package microtype Info: Applying patch `toc' on input line 50.
Package microtype Info: Applying patch `eqnum' on input line 50.
Package microtype Info: Applying patch `footnote' on input line 50.
Package microtype Info: Applying patch `verbatim' on input line 50.
LaTeX Info: Redefining \microtypesetup on input line 50.
Package microtype Info: Character protrusion enabled (level 2).
Package microtype Info: Using default protrusion set `alltext'.
Package microtype Info: No adjustment of tracking.
Package microtype Info: No adjustment of spacing.
Package microtype Info: No adjustment of kerning.
Package microtype Info: Loading generic protrusion settings for font family
(microtype)             `Sarabun' (encoding: TU).
(microtype)             For optimal results, create family-specific settings.
(microtype)             See the microtype manual for details.


Package microtype Warning: Unknown slot number of character
(microtype)                `\k A'
(microtype)                in font encoding `TU' in inheritance list
(microtype)                `microtype.cfg/425(protrusion)'.


Package microtype Warning: Unknown slot number of character
(microtype)                `\k a'
(microtype)                in font encoding `TU' in inheritance list
(microtype)                `microtype.cfg/425(protrusion)'.


Package microtype Warning: Unknown slot number of character
(microtype)                `\v D'
(microtype)                in font encoding `TU' in inheritance list
(microtype)                `microtype.cfg/425(protrusion)'.


Package microtype Warning: Unknown slot number of character
(microtype)                `\v d'
(microtype)                in font encoding `TU' in inheritance list
(microtype)                `microtype.cfg/425(protrusion)'.


Package microtype Warning: Unknown slot number of character
(microtype)                `\k E'
(microtype)                in font encoding `TU' in inheritance list
(microtype)                `microtype.cfg/425(protrusion)'.


Package microtype Warning: Unknown slot number of character
(microtype)                `\v E'
(microtype)                in font encoding `TU' in inheritance list
(microtype)                `microtype.cfg/425(protrusion)'.


Package microtype Warning: Unknown slot number of character
(microtype)                `\k e'
(microtype)                in font encoding `TU' in inheritance list
(microtype)                `microtype.cfg/425(protrusion)'.


Package microtype Warning: Unknown slot number of character
(microtype)                `\v e'
(microtype)                in font encoding `TU' in inheritance list
(microtype)                `microtype.cfg/425(protrusion)'.


Package microtype Warning: Unknown slot number of character
(microtype)                `\'L'
(microtype)                in font encoding `TU' in inheritance list
(microtype)                `microtype.cfg/425(protrusion)'.


Package microtype Warning: Unknown slot number of character
(microtype)                `\v L'
(microtype)                in font encoding `TU' in inheritance list
(microtype)                `microtype.cfg/425(protrusion)'.


Package microtype Warning: Unknown slot number of character
(microtype)                `\'l'
(microtype)                in font encoding `TU' in inheritance list
(microtype)                `microtype.cfg/425(protrusion)'.


Package microtype Warning: Unknown slot number of character
(microtype)                `\v l'
(microtype)                in font encoding `TU' in inheritance list
(microtype)                `microtype.cfg/425(protrusion)'.


Package microtype Warning: Unknown slot number of character
(microtype)                `\'N'
(microtype)                in font encoding `TU' in inheritance list
(microtype)                `microtype.cfg/425(protrusion)'.


Package microtype Warning: Unknown slot number of character
(microtype)                `\v N'
(microtype)                in font encoding `TU' in inheritance list
(microtype)                `microtype.cfg/425(protrusion)'.


Package microtype Warning: Unknown slot number of character
(microtype)                `\'n'
(microtype)                in font encoding `TU' in inheritance list
(microtype)                `microtype.cfg/425(protrusion)'.


Package microtype Warning: Unknown slot number of character
(microtype)                `\v n'
(microtype)                in font encoding `TU' in inheritance list
(microtype)                `microtype.cfg/425(protrusion)'.


Package microtype Warning: Unknown slot number of character
(microtype)                `\H O'
(microtype)                in font encoding `TU' in inheritance list
(microtype)                `microtype.cfg/425(protrusion)'.


Package microtype Warning: Unknown slot number of character
(microtype)                `\H o'
(microtype)                in font encoding `TU' in inheritance list
(microtype)                `microtype.cfg/425(protrusion)'.


Package microtype Warning: Unknown slot number of character
(microtype)                `\'R'
(microtype)                in font encoding `TU' in inheritance list
(microtype)                `microtype.cfg/425(protrusion)'.


Package microtype Warning: Unknown slot number of character
(microtype)                `\v R'
(microtype)                in font encoding `TU' in inheritance list
(microtype)                `microtype.cfg/425(protrusion)'.


Package microtype Warning: Unknown slot number of character
(microtype)                `\'r'
(microtype)                in font encoding `TU' in inheritance list
(microtype)                `microtype.cfg/425(protrusion)'.


Package microtype Warning: Unknown slot number of character
(microtype)                `\v r'
(microtype)                in font encoding `TU' in inheritance list
(microtype)                `microtype.cfg/425(protrusion)'.


Package microtype Warning: Unknown slot number of character
(microtype)                `\'S'
(microtype)                in font encoding `TU' in inheritance list
(microtype)                `microtype.cfg/425(protrusion)'.


Package microtype Warning: Unknown slot number of character
(microtype)                `\'s'
(microtype)                in font encoding `TU' in inheritance list
(microtype)                `microtype.cfg/425(protrusion)'.


Package microtype Warning: Unknown slot number of character
(microtype)                `\c T'
(microtype)                in font encoding `TU' in inheritance list
(microtype)                `microtype.cfg/425(protrusion)'.


Package microtype Warning: Unknown slot number of character
(microtype)                `\v T'
(microtype)                in font encoding `TU' in inheritance list
(microtype)                `microtype.cfg/425(protrusion)'.


Package microtype Warning: Unknown slot number of character
(microtype)                `\c t'
(microtype)                in font encoding `TU' in inheritance list
(microtype)                `microtype.cfg/425(protrusion)'.


Package microtype Warning: Unknown slot number of character
(microtype)                `\v t'
(microtype)                in font encoding `TU' in inheritance list
(microtype)                `microtype.cfg/425(protrusion)'.


Package microtype Warning: Unknown slot number of character
(microtype)                `\H U'
(microtype)                in font encoding `TU' in inheritance list
(microtype)                `microtype.cfg/425(protrusion)'.


Package microtype Warning: Unknown slot number of character
(microtype)                `\r U'
(microtype)                in font encoding `TU' in inheritance list
(microtype)                `microtype.cfg/425(protrusion)'.


Package microtype Warning: Unknown slot number of character
(microtype)                `\H u'
(microtype)                in font encoding `TU' in inheritance list
(microtype)                `microtype.cfg/425(protrusion)'.


Package microtype Warning: Unknown slot number of character
(microtype)                `\r u'
(microtype)                in font encoding `TU' in inheritance list
(microtype)                `microtype.cfg/425(protrusion)'.


Package microtype Warning: Unknown slot number of character
(microtype)                `\'Z'
(microtype)                in font encoding `TU' in inheritance list
(microtype)                `microtype.cfg/425(protrusion)'.


Package microtype Warning: Unknown slot number of character
(microtype)                `\.Z'
(microtype)                in font encoding `TU' in inheritance list
(microtype)                `microtype.cfg/425(protrusion)'.


Package microtype Warning: Unknown slot number of character
(microtype)                `\'z'
(microtype)                in font encoding `TU' in inheritance list
(microtype)                `microtype.cfg/425(protrusion)'.


Package microtype Warning: Unknown slot number of character
(microtype)                `\.z'
(microtype)                in font encoding `TU' in inheritance list
(microtype)                `microtype.cfg/425(protrusion)'.

\c@lstlisting=\count378
Package hyperref Info: Link coloring ON on input line 50.
(main.out) (main.out)
\@outlinefile=\write5
\openout5 = `main.out'.

File: ./theme/kku-logo.png Graphic file (type bmp)
<./theme/kku-logo.png>
LaTeX Font Info:    Font shape `TU/Sarabun(0)/m/n' will be
(Font)              scaled to size 24.19188pt on input line 57.
LaTeX Font Info:    Font shape `TU/Sarabun(0)/b/n' will be
(Font)              scaled to size 24.19188pt on input line 57.
LaTeX Font Info:    Font shape `TU/Sarabun(0)/m/n' will be
(Font)              scaled to size 20.1599pt on input line 57.
 [1


]
LaTeX Font Info:    Font shape `TU/Sarabun(0)/b/n' will be
(Font)              scaled to size 16.79993pt on input line 67.
LaTeX Font Info:    Font shape `TU/Sarabun(0)/b/n' will be
(Font)              scaled to size 20.1599pt on input line 67.
 (abstractTH.tex)
Underfull \hbox (badness 1661) in paragraph at lines 5--69
[]\TU/Sarabun(0)/m/n/12 โครง งาน นี้ มี วัตถุประสงค์ เพื่อ ศึกษา และ พัฒนา ระบบ
 จำแนก และ วิเคราะห์ ข่าวสาร
 []

[0

] (abstractEN.tex) [1


] (acknowledgement.tex) [2


] (main.toc
LaTeX Font Info:    Font shape `TU/Sarabun(0)/m/n' will be
(Font)              scaled to size 11.19995pt on input line 8.
LaTeX Font Info:    Font shape `TU/Sarabun(0)/m/n' will be
(Font)              scaled to size 8.39996pt on input line 8.
LaTeX Font Info:    Trying to load font information for U+msa on input line 8.

(C:\Users\narawit\scoop\apps\miktex\current\texmfs\install\tex/latex/amsfonts\u
msa.fd
File: umsa.fd 2013/01/14 v3.01 AMS symbols A
)
(C:\Users\narawit\scoop\apps\miktex\current\texmfs\install\tex/latex/microtype\
mt-msa.cfg
File: mt-msa.cfg 2006/02/04 v1.1 microtype config. file: AMS symbols (a) (RS)
)
LaTeX Font Info:    Trying to load font information for U+msb on input line 8.

(C:\Users\narawit\scoop\apps\miktex\current\texmfs\install\tex/latex/amsfonts\u
msb.fd
File: umsb.fd 2013/01/14 v3.01 AMS symbols B
)
(C:\Users\narawit\scoop\apps\miktex\current\texmfs\install\tex/latex/microtype\
mt-msb.cfg
File: mt-msb.cfg 2005/06/01 v1.0 microtype config. file: AMS symbols (b) (RS)
)
(C:\Users\narawit\scoop\apps\miktex\current\texmfs\install\tex/latex/microtype\
mt-cmr.cfg
File: mt-cmr.cfg 2013/05/19 v2.2 microtype config. file: Computer Modern Roman 
(RS)
) [3


])
\tf@toc=\write6
\openout6 = `main.toc'.

 [4] (main.lof)
\tf@lof=\write7
\openout7 = `main.lof'.

 [5


] (main.lot)
\tf@lot=\write8
\openout8 = `main.lot'.

 [6


]
Chapter 1.
(chapter1.tex [1


]
Underfull \hbox (badness 1931) in paragraph at lines 34--35
[]\TU/Sarabun(0)/b/n/12 การ รวบรวม ข่าว อัตโนมัติ: \TU/Sarabun(0)/m/n/12 ระบบ ส
ามารถ ดึง ข่าว จาก แหล่ง ข่าว
 []


Underfull \hbox (badness 3179) in paragraph at lines 34--35
\TU/Sarabun(0)/m/n/12 และ การ จำลอง เบราว์เซอร์ ด้วย Playwright สำหรับ เว็บไซต์
 ที่ ใช้
 []


Underfull \hbox (badness 3375) in paragraph at lines 37--38
[]\TU/Sarabun(0)/b/n/12 การ แสดง ผล แบบ เรี ยล ไทม์: \TU/Sarabun(0)/m/n/12 ระบบ
 แสดง รายการ ข่าว บน เว็บ
 []

[2]
Underfull \hbox (badness 5592) in paragraph at lines 52--53
\TU/Sarabun(0)/m/n/12 ทดสอบ บน เครื่อง คอมพิวเตอร์ ภายใน มหาวิทยาลัย เท่านั้น ย
ัง ไม่
 []

[3]) [4]
Chapter 2.
(chapter2.tex
Underfull \hbox (badness 1590) in paragraph at lines 17--18
[]\TU/Sarabun(0)/m/n/12 การ สรุป ข้อความ (Text Summarization) คือ กระบวนการ ย่อ
 ข้อความ
 []


Underfull \hbox (badness 2253) in paragraph at lines 23--24
[]\TU/Sarabun(0)/m/n/12 การ จำแนก ข้อความ (Text Classification) เป็น งาน ประมวล
 ผล ภาษา
 []

[5

]
Underfull \hbox (badness 4416) in paragraph at lines 33--34
[]\TU/Sarabun(0)/m/n/12 นอกจาก การ จัดการ คุกกี้ เพื่อ การ ดึง ข้อมูล แล้ว ระบบ
 ยัง ใช้ คุกกี้ เพื่อ
 []

[6]
Missing character: There is no 防 in font [./theme/fonts/Sarabun-Bold.ttf]/OT:sc
ript=latn;language=dflt;mapping=tex-text;!
Missing character: There is no 止 in font [./theme/fonts/Sarabun-Bold.ttf]/OT:sc
ript=latn;language=dflt;mapping=tex-text;!
[7]
Underfull \hbox (badness 4036) in paragraph at lines 70--71
[]\TU/Sarabun(0)/m/n/12 จาก การ ทบทวน วรรณกรรม ข้าง ต้น สามารถ สรุป ผล การ เปรี
ยบ เทียบ
 []


Overfull \hbox (142.56271pt too wide) in paragraph at lines 76--86
 [][] 
 []

[8]
Underfull \hbox (badness 10000) in paragraph at lines 98--99
[]\TU/Sarabun(0)/m/n/12 Playwright เป็น เครื่อง มือ สำหรับ ควบคุม เบราว์เซอร์
 []


Underfull \hbox (badness 10000) in paragraph at lines 110--111
[]\TU/Sarabun(0)/m/n/12 KKU Gen.AI เป็น บริการ โมเดล ภาษา ขนาด ใหญ่ ของ
 []


Underfull \hbox (badness 1331) in paragraph at lines 110--111
\TU/Sarabun(0)/m/n/12 มหาวิทยาลัย ขอนแก่น ที่ ให้ บริการ ผ่าน API แบบ รองรับ Op
enAI-compatible ใช้ สำหรับ
 []


Underfull \hbox (badness 1072) in paragraph at lines 120--120
 |[]\TU/Sarabun(0)/b/n/14.4 อัล กอ ริ ทึม แนะนำ ข่าว (Recommendation Algo-
 []

) [9] [10]
Chapter 3.
(chapter3.tex [11

]
Underfull \hbox (badness 10000) in paragraph at lines 72--72
[]|\TU/Sarabun(0)/m/n/12 สกัด เนื้อหา บทความ เป็น Mark-
 []


Underfull \hbox (badness 10000) in paragraph at lines 74--74
[]|\TU/Sarabun(0)/m/n/12 ตัด คำ ภาษา ไทย สำหรับ จำแนก
 []


Underfull \hbox (badness 10000) in paragraph at lines 82--83
[]|\TU/Sarabun(0)/m/n/12 จัด เก็บ ค่า กำหนด ผู้ ใช้ บันทึก
 []


Overfull \hbox (6.66193pt too wide) in paragraph at lines 64--85
 [][] 
 []

[12]
Underfull \hbox (badness 10000) in paragraph at lines 101--101
[]|\TU/Sarabun(0)/m/n/12 วิเคราะห์ และ
 []


Underfull \hbox (badness 4144) in paragraph at lines 102--102
[]|\TU/Sarabun(0)/m/n/12 ออก แบ บอัล กอ ริ
 []


Underfull \hbox (badness 5064) in paragraph at lines 103--103
[]|\TU/Sarabun(0)/m/n/12 พัฒนา Backend/
 []


Underfull \hbox (badness 10000) in paragraph at lines 104--104
[]|\TU/Sarabun(0)/m/n/12 พัฒนา Fron-
 []


Underfull \hbox (badness 10000) in paragraph at lines 105--105
[]|\TU/Sarabun(0)/m/n/12 ทดสอบ และ
 []


Overfull \hbox (0.78761pt too wide) in paragraph at lines 97--108
 [][] 
 []

) [13] [14] (main.bbl
LaTeX Font Info:    Font shape `TU/Sarabun(0)/m/it' will be
(Font)              scaled to size 16.79993pt on input line 5.
LaTeX Font Info:    Font shape `TU/DroidSansMono(0)/m/n' will be
(Font)              scaled to size 12.0pt on input line 12.
Package microtype Info: Loading generic protrusion settings for font family
(microtype)             `DroidSansMono' (encoding: TU).
(microtype)             For optimal results, create family-specific settings.
(microtype)             See the microtype manual for details.
) (appendices.tex [15


] [16

] [17

]) [18] (main.aux)
 ***********
LaTeX2e <2025-11-01>
L3 programming layer <2025-12-24>
 ***********
Package rerunfilecheck Info: File `main.out' has not changed.
(rerunfilecheck)             Checksum: F98EBE3DF5392655D00EBB760B138E81;8399.
 ) 
Here is how much of TeX's memory you used:
 31237 strings out of 402987
 614622 string characters out of 5445833
 1100775 words of memory out of 5000000
 59452 multiletter control sequences out of 15000+600000
 633584 words of font info for 82 fonts, out of 8000000 for 9000
 1348 hyphenation exceptions out of 8191
 99i,11n,118p,1460b,534s stack positions out of 10000i,1000n,20000p,200000b,200000s

Output written on main.xdv (26 pages, 378856 bytes).
