\BOOKMARK [0][-]{Doc-Start}{\376\377\016\032\016\027\016\004\016\061\016\024\016\042\016\110\016\055}{}% 1
\BOOKMARK [0][-]{Doc-Start}{\376\377\000A\000B\000S\000T\000R\000A\000C\000T}{}% 2
\BOOKMARK [0][-]{chapter*.1}{\376\377\016\001\016\064\016\025\016\025\016\064\016\001\016\043\016\043\016\041\016\033\016\043\016\060\016\001\016\062\016\050}{}% 3
\BOOKMARK [0][-]{chapter*.2}{\376\377\016\052\016\062\016\043\016\032\016\061\016\015}{}% 4
\BOOKMARK [0][-]{chapter*.3}{\376\377\016\052\016\062\016\043\016\032\016\061\016\015\016\040\016\062\016\036}{}% 5
\BOOKMARK [0][-]{chapter*.4}{\376\377\016\052\016\062\016\043\016\032\016\061\016\015\016\025\016\062\016\043\016\062\016\007}{}% 6
\BOOKMARK [0][-]{chapter.1}{\376\377\016\032\016\027\016\031\016\063}{}% 7
\BOOKMARK [1][-]{section.1.1}{\376\377\016\004\016\047\016\062\016\041\016\100\016\033\016\107\016\031\016\041\016\062\016\101\016\045\016\060\016\004\016\047\016\062\016\041\016\052\016\063\016\004\016\061\016\015\016\002\016\055\016\007\016\033\016\061\016\015\016\053\016\062}{chapter.1}% 8
\BOOKMARK [1][-]{section.1.2}{\376\377\016\047\016\061\016\025\016\026\016\070\016\033\016\043\016\060\016\052\016\007\016\004\016\114}{chapter.1}% 9
\BOOKMARK [1][-]{section.1.3}{\376\377\016\002\016\055\016\032\016\100\016\002\016\025\016\101\016\045\016\060\016\002\016\111\016\055\016\010\016\063\016\001\016\061\016\024\016\002\016\055\016\007\016\043\016\060\016\032\016\032}{chapter.1}% 10
\BOOKMARK [2][-]{subsection.1.3.1}{\376\377\016\002\016\055\016\032\016\100\016\002\016\025}{section.1.3}% 11
\BOOKMARK [2][-]{subsection.1.3.2}{\376\377\016\002\016\111\016\055\016\010\016\063\016\001\016\061\016\024\016\002\016\055\016\007\016\102\016\004\016\043\016\007\016\007\016\062\016\031}{section.1.3}% 12
\BOOKMARK [1][-]{section.1.4}{\376\377\016\033\016\043\016\060\016\102\016\042\016\012\016\031\016\114\016\027\016\065\016\110\016\004\016\062\016\024\016\047\016\110\016\062\016\010\016\060\016\104\016\024\016\111\016\043\016\061\016\032}{chapter.1}% 13
\BOOKMARK [0][-]{chapter.2}{\376\377\016\027\016\044\016\051\016\016\016\065\016\101\016\045\016\060\016\007\016\062\016\031\016\047\016\064\016\010\016\061\016\042\016\027\016\065\016\110\016\100\016\001\016\065\016\110\016\042\016\047\016\002\016\111\016\055\016\007}{}% 14
\BOOKMARK [1][-]{section.2.1}{\376\377\016\027\016\044\016\051\016\016\016\065\016\027\016\065\016\110\016\100\016\001\016\065\016\110\016\042\016\047\016\002\016\111\016\055\016\007}{chapter.2}% 15
\BOOKMARK [2][-]{subsection.2.1.1}{\376\377\016\100\016\047\016\107\016\032\016\052\016\101\016\004\016\043\016\033\016\033\016\064\016\007\000\040\000\050\000W\000e\000b\000\040\000S\000c\000r\000a\000p\000i\000n\000g\000\051}{section.2.1}% 16
\BOOKMARK [2][-]{subsection.2.1.2}{\376\377\016\001\016\062\016\043\016\052\016\043\016\070\016\033\016\002\016\111\016\055\016\004\016\047\016\062\016\041\016\024\016\111\016\047\016\042\016\102\016\041\016\100\016\024\016\045\016\040\016\062\016\051\016\062\016\002\016\031\016\062\016\024\016\103\016\053\016\015\016\110}{section.2.1}% 17
\BOOKMARK [2][-]{subsection.2.1.3}{\376\377\016\001\016\062\016\043\016\010\016\063\016\101\016\031\016\001\016\002\016\111\016\055\016\004\016\047\016\062\016\041\016\040\016\062\016\051\016\062\016\104\016\027\016\042}{section.2.1}% 18
\BOOKMARK [2][-]{subsection.2.1.4}{\376\377\016\001\016\062\016\043\016\010\016\061\016\024\016\001\016\062\016\043\016\101\016\004\016\012\016\101\016\045\016\060\016\004\016\070\016\001\016\001\016\065\016\111}{section.2.1}% 19
\BOOKMARK [2][-]{subsection.2.1.5}{\376\377\016\055\016\061\016\045\016\001\016\055\016\043\016\064\016\027\016\066\016\041\016\001\016\062\016\043\016\001\016\063\016\053\016\031\016\024\016\004\016\070\016\001\016\001\016\065\016\111\000\040\000\050\000A\000s\000s\000i\000g\000n\000\040\000C\000o\000o\000k\000i\000e\000s\000\040\000A\000l\000g\000o\000r\000i\000t\000h\000m\000\051}{section.2.1}% 20
\BOOKMARK [1][-]{section.2.2}{\376\377\016\007\016\062\016\031\016\047\016\064\016\010\016\061\016\042\016\027\016\065\016\110\016\100\016\001\016\065\016\110\016\042\016\047\016\002\016\111\016\055\016\007}{chapter.2}% 21
\BOOKMARK [2][-]{subsection.2.2.1}{\376\377\016\007\016\062\016\031\016\052\016\001\016\061\016\024\016\100\016\031\016\067\016\111\016\055\016\053\016\062\016\032\016\027\016\004\016\047\016\062\016\041\016\010\016\062\016\001\016\100\016\047\016\107\016\032}{section.2.2}% 22
\BOOKMARK [2][-]{subsection.2.2.2}{\376\377\016\007\016\062\016\031\016\052\016\043\016\070\016\033\016\002\016\111\016\055\016\004\016\047\016\062\016\041\016\055\016\061\016\025\016\102\016\031\016\041\016\061\016\025\016\064}{section.2.2}% 23
\BOOKMARK [2][-]{subsection.2.2.3}{\376\377\016\007\016\062\016\031\016\010\016\063\016\101\016\031\016\001\016\053\016\041\016\047\016\024\016\053\016\041\016\071\016\110\016\002\016\110\016\062\016\047\016\040\016\062\016\051\016\062\016\104\016\027\016\042}{section.2.2}% 24
\BOOKMARK [2][-]{subsection.2.2.4}{\376\377\016\052\016\043\016\070\016\033\016\034\016\045\016\001\016\062\016\043\016\100\016\033\016\043\016\065\016\042\016\032\016\100\016\027\016\065\016\042\016\032\016\007\016\062\016\031\016\047\016\064\016\010\016\061\016\042\016\027\016\065\016\110\016\100\016\001\016\065\016\110\016\042\016\047\016\002\016\111\016\055\016\007}{section.2.2}% 25
\BOOKMARK [2][-]{subsection.2.2.5}{\376\377\016\100\016\027\016\004\016\102\016\031\016\102\016\045\016\042\016\065\016\101\016\045\016\060\016\100\016\004\016\043\016\067\016\110\016\055\016\007\016\041\016\067\016\055\016\027\016\065\016\110\016\100\016\001\016\065\016\110\016\042\016\047\016\002\016\111\016\055\016\007}{section.2.2}% 26
\BOOKMARK [0][-]{chapter.3}{\376\377\016\047\016\064\016\030\016\065\016\001\016\062\016\043\016\024\016\063\016\100\016\031\016\064\016\031\016\102\016\004\016\043\016\007\016\007\016\062\016\031}{}% 27
\BOOKMARK [1][-]{section.3.1}{\376\377\016\002\016\061\016\111\016\031\016\025\016\055\016\031\016\001\016\062\016\043\016\024\016\063\016\100\016\031\016\064\016\031\016\007\016\062\016\031}{chapter.3}% 28
\BOOKMARK [2][-]{subsection.3.1.1}{\376\377\016\050\016\066\016\001\016\051\016\062\016\033\016\061\016\015\016\053\016\062\016\101\016\045\016\060\016\043\016\047\016\032\016\043\016\047\016\041\016\004\016\047\016\062\016\041\016\025\016\111\016\055\016\007\016\001\016\062\016\043}{section.3.1}% 29
\BOOKMARK [2][-]{subsection.3.1.2}{\376\377\016\047\016\064\016\100\016\004\016\043\016\062\016\060\016\053\016\114\016\101\016\045\016\060\016\055\016\055\016\001\016\101\016\032\016\032\016\043\016\060\016\032\016\032}{section.3.1}% 30
\BOOKMARK [2][-]{subsection.3.1.3}{\376\377\016\036\016\061\016\022\016\031\016\062\016\043\016\060\016\032\016\032}{section.3.1}% 31
\BOOKMARK [2][-]{subsection.3.1.4}{\376\377\016\027\016\024\016\052\016\055\016\032\016\101\016\045\016\060\016\033\016\043\016\060\016\100\016\041\016\064\016\031\016\034\016\045}{section.3.1}% 32
\BOOKMARK [2][-]{subsection.3.1.5}{\376\377\016\033\016\043\016\061\016\032\016\033\016\043\016\070\016\007\016\101\016\045\016\060\016\052\016\043\016\070\016\033\016\034\016\045}{section.3.1}% 33
\BOOKMARK [1][-]{section.3.2}{\376\377\016\100\016\004\016\043\016\067\016\110\016\055\016\007\016\041\016\067\016\055\016\027\016\065\016\110\016\103\016\012\016\111\016\103\016\031\016\001\016\062\016\043\016\024\016\063\016\100\016\031\016\064\016\031\016\007\016\062\016\031}{chapter.3}% 34
\BOOKMARK [2][-]{subsection.3.2.1}{\376\377\016\056\016\062\016\043\016\114\016\024\016\101\016\047\016\043\016\114}{section.3.2}% 35
\BOOKMARK [2][-]{subsection.3.2.2}{\376\377\016\013\016\055\016\037\016\025\016\114\016\101\016\047\016\043\016\114}{section.3.2}% 36
\BOOKMARK [1][-]{section.3.3}{\376\377\016\101\016\034\016\031\016\001\016\062\016\043\016\024\016\063\016\100\016\031\016\064\016\031\016\007\016\062\016\031}{chapter.3}% 37
\BOOKMARK [0][-]{table.caption.8}{\376\377\016\100\016\055\016\001\016\052\016\062\016\043\016\055\016\111\016\062\016\007\016\055\016\064\016\007}{}% 38
\BOOKMARK [0][-]{chapter.0}{\376\377\016\040\016\062\016\004\016\034\016\031\016\047\016\001\000\040\016\001\000:\000\040\016\025\016\061\016\047\016\055\016\042\016\110\016\062\016\007\000\040\000U\000I\000\040\016\053\016\043\016\067\016\055\000\040\000P\000r\000o\000t\000o\000t\000y\000p\000e}{}% 39
